{"components":{"schemas":{"Request":{"description":"Generic request message","properties":{"data":{"description":"Request data","type":"string"},"id":{"description":"Request ID","type":"string"}},"type":"object"},"Response":{"description":"Generic response message","properties":{"data":{"description":"Response data","type":"string"},"message":{"description":"Response message","type":"string"},"success":{"description":"Success indicator","type":"boolean"}},"type":"object"},"User":{"description":"User message used by multiple services","properties":{"email":{"description":"User email","type":"string"},"id":{"description":"User ID","type":"string"},"name":{"description":"User name","type":"string"},"role":{"description":"User role","type":"string"}},"type":"object"}}},"info":{"title":"AdminService API","version":"1.0.0"},"openapi":"3.1.0","paths":{"/api/v1/admin/stats":{"post":{"description":"Get system stats (admin only)","operationId":"GetSystemStats","parameters":[{"description":"Admin authentication token","in":"header","name":"X-Admin-Token","required":true,"schema":{"format":"uuid","type":"string"}},{"description":"Admin role level","in":"header","name":"X-Admin-Role","required":true,"schema":{"type":"string"}}],"requestBody":{"content":{"application/json":{"schema":{"$ref":"#/components/schemas/Request"}}},"required":true},"responses":{"200":{"content":{"application/json":{"schema":{"$ref":"#/components/schemas/Response"}}},"description":"Successful response"},"default":{"content":{"application/json":{"schema":{"properties":{"code":{"type":"integer"},"error":{"type":"string"}},"type":"object"}}},"description":"Error response"}},"summary":"GetSystemStats","tags":["AdminService"]}},"/api/v1/admin/users/delete":{"post":{"description":"Delete user (admin only)","operationId":"DeleteUser","parameters":[{"description":"Admin role level","in":"header","name":"X-Admin-Role","required":true,"schema":{"type":"string"}},{"description":"Admin authentication token","in":"header","name":"X-Admin-Token","required":true,"schema":{"format":"uuid","type":"string"}},{"description":"Confirmation token for destructive operations","in":"header","name":"X-Confirmation-Token","required":true,"schema":{"type":"string"}}],"requestBody":{"content":{"application/json":{"schema":{"$ref":"#/components/schemas/Request"}}},"required":true},"responses":{"200":{"content":{"application/json":{"schema":{"$ref":"#/components/schemas/Response"}}},"description":"Successful response"},"default":{"content":{"application/json":{"schema":{"properties":{"code":{"type":"integer"},"error":{"type":"string"}},"type":"object"}}},"description":"Error response"}},"summary":"DeleteUser","tags":["AdminService"]}},"/api/v1/admin/users/list":{"post":{"description":"List all users (admin only)","operationId":"ListUsers","parameters":[{"description":"Admin authentication token","in":"header","name":"X-Admin-Token","required":true,"schema":{"format":"uuid","type":"string"}},{"description":"Admin role level","in":"header","name":"X-Admin-Role","required":true,"schema":{"type":"string"}}],"requestBody":{"content":{"application/json":{"schema":{"$ref":"#/components/schemas/Request"}}},"required":true},"responses":{"200":{"content":{"application/json":{"schema":{"$ref":"#/components/schemas/Response"}}},"description":"Successful response"},"default":{"content":{"application/json":{"schema":{"properties":{"code":{"type":"integer"},"error":{"type":"string"}},"type":"object"}}},"description":"Error response"}},"summary":"ListUsers","tags":["AdminService"]}}}}