{"components":{"schemas":{"CreateUserRequest":{"description":"Simple request message","properties":{"email":{"description":"User email","type":"string"},"name":{"description":"User name","type":"string"}},"type":"object"},"GetUserRequest":{"description":"Get user request","properties":{"id":{"description":"User ID to retrieve","type":"string"}},"type":"object"},"User":{"description":"Simple response message","properties":{"email":{"description":"User email","type":"string"},"id":{"description":"User ID","type":"string"},"name":{"description":"User name","type":"string"}},"type":"object"}}},"info":{"title":"BasicService API","version":"1.0.0"},"openapi":"3.1.0","paths":{"/BasicService/SimpleMethod":{"post":{"description":"Simple method without HTTP config","operationId":"SimpleMethod","requestBody":{"content":{"application/json":{"schema":{"$ref":"#/components/schemas/CreateUserRequest"}}},"required":true},"responses":{"200":{"content":{"application/json":{"schema":{"$ref":"#/components/schemas/User"}}},"description":"Successful response"},"default":{"content":{"application/json":{"schema":{"properties":{"code":{"type":"integer"},"error":{"type":"string"}},"type":"object"}}},"description":"Error response"}},"summary":"SimpleMethod","tags":["BasicService"]}},"/configured":{"post":{"description":"Method with only path config","operationId":"ConfiguredMethod","requestBody":{"content":{"application/json":{"schema":{"$ref":"#/components/schemas/GetUserRequest"}}},"required":true},"responses":{"200":{"content":{"application/json":{"schema":{"$ref":"#/components/schemas/User"}}},"description":"Successful response"},"default":{"content":{"application/json":{"schema":{"properties":{"code":{"type":"integer"},"error":{"type":"string"}},"type":"object"}}},"description":"Error response"}},"summary":"ConfiguredMethod","tags":["BasicService"]}}}}