{"components":{"schemas":{"Address":{"description":"Nested message for testing message references","properties":{"city":{"description":"City name","type":"string"},"country":{"description":"Country name","type":"string"},"postalCode":{"description":"Postal code","type":"string"},"state":{"description":"State or province","type":"string"},"street":{"description":"Street address","type":"string"}},"type":"object"},"ComplexMessage":{"description":"Complex message testing all field types","properties":{"addresses":{"items":{"$ref":"#/components/schemas/Address"},"type":"array"},"bytesValue":{"description":"Binary data","format":"byte","type":"string"},"counters":{"additionalProperties":{"format":"int32","type":"integer"},"description":"String to integer map","type":"object"},"doubleValue":{"description":"64-bit floating point","format":"double","type":"number"},"email":{"type":"string"},"fixed32Value":{"description":"32-bit fixed integer","format":"int32","minimum":0,"type":"integer"},"fixed64Value":{"description":"64-bit fixed integer","format":"int64","minimum":0,"type":"integer"},"flag":{"description":"Boolean field","type":"boolean"},"floatValue":{"description":"32-bit floating point","format":"float","type":"number"},"int32Value":{"description":"32-bit signed integer","format":"int32","type":"integer"},"int64Value":{"description":"64-bit signed integer","format":"int64","type":"integer"},"metadata":{"additionalProperties":{"type":"string"},"description":"String to string map","type":"object"},"numbers":{"items":{"description":"Array of integers","format":"int32","type":"integer"},"type":"array"},"optionalAddress":{"$ref":"#/components/schemas/Address"},"optionalNumber":{"description":"Optional integer","format":"int32","type":"integer"},"optionalText":{"description":"Optional string (proto3 optional)","type":"string"},"phone":{"type":"string"},"primaryAddress":{"$ref":"#/components/schemas/Address"},"priority":{"description":"Priority enum with comments","enum":["PRIORITY_UNSPECIFIED","PRIORITY_LOW","PRIORITY_MEDIUM","PRIORITY_HIGH","PRIORITY_URGENT"],"type":"string"},"profile":{"$ref":"#/components/schemas/UserProfile"},"profiles":{"additionalProperties":{"$ref":"#/components/schemas/UserProfile"},"description":"String to message map","type":"object"},"sfixed32Value":{"description":"32-bit signed fixed integer","format":"int32","type":"integer"},"sfixed64Value":{"description":"64-bit signed fixed integer","format":"int64","type":"integer"},"sint32Value":{"description":"32-bit signed integer (sint32 encoding)","format":"int32","type":"integer"},"sint64Value":{"description":"64-bit signed integer (sint64 encoding)","format":"int64","type":"integer"},"slackHandle":{"type":"string"},"status":{"description":"Status enum for testing enum conversion","enum":["STATUS_UNSPECIFIED","STATUS_ACTIVE","STATUS_INACTIVE","STATUS_PENDING"],"type":"string"},"statuses":{"items":{"description":"Status enum for testing enum conversion","enum":["STATUS_UNSPECIFIED","STATUS_ACTIVE","STATUS_INACTIVE","STATUS_PENDING"],"type":"string"},"type":"array"},"tags":{"items":{"description":"Array of strings","type":"string"},"type":"array"},"text":{"description":"String field","type":"string"},"uint32Value":{"description":"32-bit unsigned integer","format":"int32","minimum":0,"type":"integer"},"uint64Value":{"description":"64-bit unsigned integer","format":"int64","minimum":0,"type":"integer"}},"type":"object"},"ComplexRequest":{"description":"Request message using complex types","properties":{"data":{"$ref":"#/components/schemas/ComplexMessage"},"requestId":{"description":"Request ID","type":"string"}},"type":"object"},"ComplexResponse":{"description":"Response message","properties":{"errorMessage":{"description":"Error message if any","type":"string"},"processingStatus":{"description":"Status enum for testing enum conversion","enum":["STATUS_UNSPECIFIED","STATUS_ACTIVE","STATUS_INACTIVE","STATUS_PENDING"],"type":"string"},"result":{"$ref":"#/components/schemas/ComplexMessage"}},"type":"object"},"CountersEntry":{"properties":{"key":{"type":"string"},"value":{"format":"int32","type":"integer"}},"type":"object"},"MetadataEntry":{"properties":{"key":{"type":"string"},"value":{"type":"string"}},"type":"object"},"ProfilesEntry":{"properties":{"key":{"type":"string"},"value":{"$ref":"#/components/schemas/UserProfile"}},"type":"object"},"UserProfile":{"description":"User profile message","properties":{"avatarUrl":{"description":"Profile avatar URL","type":"string"},"bio":{"description":"User bio or description","type":"string"},"language":{"description":"User's preferred language (ISO 639-1)","type":"string"},"timezone":{"description":"User's timezone","type":"string"}},"type":"object"}}},"info":{"title":"ComplexService API","version":"1.0.0"},"openapi":"3.1.0","paths":{"/ComplexService/ProcessComplex":{"post":{"description":"Process complex data","operationId":"ProcessComplex","requestBody":{"content":{"application/json":{"schema":{"$ref":"#/components/schemas/ComplexRequest"}}},"required":true},"responses":{"200":{"content":{"application/json":{"schema":{"$ref":"#/components/schemas/ComplexResponse"}}},"description":"Successful response"},"default":{"content":{"application/json":{"schema":{"properties":{"code":{"type":"integer"},"error":{"type":"string"}},"type":"object"}}},"description":"Error response"}},"summary":"ProcessComplex","tags":["ComplexService"]}},"/ComplexService/ValidateComplex":{"post":{"description":"Validate complex data","operationId":"ValidateComplex","requestBody":{"content":{"application/json":{"schema":{"$ref":"#/components/schemas/ComplexRequest"}}},"required":true},"responses":{"200":{"content":{"application/json":{"schema":{"$ref":"#/components/schemas/ComplexResponse"}}},"description":"Successful response"},"default":{"content":{"application/json":{"schema":{"properties":{"code":{"type":"integer"},"error":{"type":"string"}},"type":"object"}}},"description":"Error response"}},"summary":"ValidateComplex","tags":["ComplexService"]}}}}