{"components":{"schemas":{"HeaderRequest":{"description":"Simple request message","properties":{"data":{"description":"Request data","type":"string"}},"type":"object"},"HeaderResponse":{"description":"Simple response message","properties":{"result":{"description":"Response data","type":"string"}},"type":"object"}}},"info":{"title":"DeprecatedHeaderService API","version":"1.0.0"},"openapi":"3.1.0","paths":{"/deprecated/legacy":{"post":{"description":"Method with deprecated header","operationId":"WithDeprecatedHeader","parameters":[{"deprecated":true,"description":"Legacy header that is deprecated","in":"header","name":"X-Legacy-Header","required":false,"schema":{"example":"legacy-value","type":"string"}}],"requestBody":{"content":{"application/json":{"schema":{"$ref":"#/components/schemas/HeaderRequest"}}},"required":true},"responses":{"200":{"content":{"application/json":{"schema":{"$ref":"#/components/schemas/HeaderResponse"}}},"description":"Successful response"},"default":{"content":{"application/json":{"schema":{"properties":{"code":{"type":"integer"},"error":{"type":"string"}},"type":"object"}}},"description":"Error response"}},"summary":"WithDeprecatedHeader","tags":["DeprecatedHeaderService"]}}}}