{"components":{"schemas":{"HeaderRequest":{"description":"Simple request message","properties":{"data":{"description":"Request data","type":"string"}},"type":"object"},"HeaderResponse":{"description":"Simple response message","properties":{"result":{"description":"Response data","type":"string"}},"type":"object"}}},"info":{"title":"EdgeCaseService API","version":"1.0.0"},"openapi":"3.1.0","paths":{"/edge-headers/complex":{"post":{"description":"Method with complex header combinations","operationId":"ComplexHeaders","parameters":[{"description":"Array header with complex format","in":"header","name":"X-Complex-Array","required":true,"schema":{"type":"array"}},{"description":"Edge case header","in":"header","name":"X-Edge-Case","required":false,"schema":{"format":"uuid","type":"string"}}],"requestBody":{"content":{"application/json":{"schema":{"$ref":"#/components/schemas/HeaderRequest"}}},"required":true},"responses":{"200":{"content":{"application/json":{"schema":{"$ref":"#/components/schemas/HeaderResponse"}}},"description":"Successful response"},"default":{"content":{"application/json":{"schema":{"properties":{"code":{"type":"integer"},"error":{"type":"string"}},"type":"object"}}},"description":"Error response"}},"summary":"ComplexHeaders","tags":["EdgeCaseService"]}}}}