{"components":{"schemas":{"HeaderRequest":{"description":"Simple request message","properties":{"data":{"description":"Request data","type":"string"}},"type":"object"},"HeaderResponse":{"description":"Simple response message","properties":{"result":{"description":"Response data","type":"string"}},"type":"object"}}},"info":{"title":"HeaderTypesService API","version":"1.0.0"},"openapi":"3.1.0","paths":{"/types/formats":{"post":{"description":"Test different header formats","operationId":"TestHeaderFormats","parameters":[{"in":"header","name":"X-DateTime-Header","required":false,"schema":{"format":"date-time","type":"string"}},{"in":"header","name":"X-Date-Header","required":false,"schema":{"format":"date","type":"string"}},{"description":"Integer header","in":"header","name":"X-Integer-Header","required":true,"schema":{"type":"integer"}},{"description":"Number header","in":"header","name":"X-Number-Header","required":false,"schema":{"type":"number"}},{"description":"Boolean header","in":"header","name":"X-Boolean-Header","required":false,"schema":{"type":"boolean"}},{"in":"header","name":"X-Email-Header","required":false,"schema":{"format":"email","type":"string"}},{"in":"header","name":"X-Time-Header","required":false,"schema":{"format":"time","type":"string"}},{"description":"String header","in":"header","name":"X-String-Header","required":true,"schema":{"type":"string"}},{"description":"Array header","in":"header","name":"X-Array-Header","required":false,"schema":{"type":"array"}},{"in":"header","name":"X-UUID-Header","required":true,"schema":{"format":"uuid","type":"string"}}],"requestBody":{"content":{"application/json":{"schema":{"$ref":"#/components/schemas/HeaderRequest"}}},"required":true},"responses":{"200":{"content":{"application/json":{"schema":{"$ref":"#/components/schemas/HeaderResponse"}}},"description":"Successful response"},"default":{"content":{"application/json":{"schema":{"properties":{"code":{"type":"integer"},"error":{"type":"string"}},"type":"object"}}},"description":"Error response"}},"summary":"TestHeaderFormats","tags":["HeaderTypesService"]}}}}