{"components":{"schemas":{"Approvals":{"description":"Approval workflow settings","properties":{"autoApproveLimit":{"description":"Auto-approve limit (amount)","format":"double","type":"number"},"hrApprovalRequired":{"description":"Requires HR approval","type":"boolean"},"managerApprovalRequired":{"description":"Requires manager approval","type":"boolean"}},"type":"object"},"Config":{"description":"Department configuration","properties":{"budget":{"description":"Budget allocated","format":"double","type":"number"},"headMemberId":{"description":"Department head","type":"string"},"policies":{"$ref":"#/components/schemas/Policies"}},"type":"object"},"Contact":{"description":"Contact information","properties":{"phone":{"description":"Phone number","type":"string"},"primaryEmail":{"description":"Primary email","type":"string"},"secondaryEmail":{"description":"Secondary email","type":"string"},"social":{"$ref":"#/components/schemas/Social"}},"type":"object"},"Department":{"description":"Department within organization","properties":{"config":{"$ref":"#/components/schemas/Config"},"description":{"description":"Department description","type":"string"},"id":{"description":"Department ID","type":"string"},"memberIds":{"items":{"description":"Department members","type":"string"},"type":"array"},"name":{"description":"Department name","type":"string"},"subDepartments":{"items":{"$ref":"#/components/schemas/Department"},"type":"array"}},"type":"object"},"Details":{"description":"Project details","properties":{"description":{"type":"string"},"endDate":{"format":"int64","type":"integer"},"phases":{"items":{"$ref":"#/components/schemas/Phase"},"type":"array"},"startDate":{"format":"int64","type":"integer"},"title":{"type":"string"}},"type":"object"},"Member":{"description":"Member of an organization","properties":{"active":{"description":"Whether member is active","type":"boolean"},"id":{"description":"Member ID","type":"string"},"joinedAt":{"description":"Join date","format":"int64","type":"integer"},"profile":{"$ref":"#/components/schemas/Profile"},"role":{"description":"Member role","type":"string"}},"type":"object"},"Metadata":{"description":"Processing metadata","properties":{"processingTimeMs":{"description":"Processing time (milliseconds)","format":"int64","type":"integer"},"validation":{"$ref":"#/components/schemas/ValidationResults"}},"type":"object"},"NestedRequest":{"description":"Request containing nested messages","properties":{"organization":{"$ref":"#/components/schemas/Organization"},"projects":{"items":{"$ref":"#/components/schemas/Project"},"type":"array"}},"type":"object"},"NestedResponse":{"description":"Response containing nested messages","properties":{"metadata":{"$ref":"#/components/schemas/Metadata"},"organization":{"$ref":"#/components/schemas/Organization"},"success":{"description":"Success indicator","type":"boolean"}},"type":"object"},"Organization":{"description":"Top-level message with nested messages","properties":{"departments":{"items":{"$ref":"#/components/schemas/Department"},"type":"array"},"details":{"$ref":"#/components/schemas/Details"},"id":{"description":"Organization ID","type":"string"},"members":{"items":{"$ref":"#/components/schemas/Member"},"type":"array"}},"type":"object"},"Phase":{"description":"Project phases","properties":{"description":{"type":"string"},"endDate":{"format":"int64","type":"integer"},"name":{"type":"string"},"startDate":{"format":"int64","type":"integer"},"tasks":{"items":{"$ref":"#/components/schemas/Task"},"type":"array"}},"type":"object"},"Policies":{"description":"Department policies","properties":{"approvals":{"$ref":"#/components/schemas/Approvals"},"flexibleHours":{"description":"Flexible hours policy","type":"boolean"},"remoteWorkAllowed":{"description":"Work from home policy","type":"boolean"},"vacationDays":{"description":"Vacation days per year","format":"int32","type":"integer"}},"type":"object"},"Privacy":{"description":"Privacy settings","properties":{"dataRetentionDays":{"description":"Data retention period (days)","format":"int32","type":"integer"},"publicProfile":{"description":"Public profile","type":"boolean"},"searchable":{"description":"Allow search indexing","type":"boolean"}},"type":"object"},"Profile":{"description":"Member profile information","properties":{"avatarUrl":{"description":"Avatar URL","type":"string"},"bio":{"description":"Bio or description","type":"string"},"contact":{"$ref":"#/components/schemas/Contact"},"displayName":{"description":"Display name","type":"string"}},"type":"object"},"Project":{"description":"Project managed by organization","properties":{"departmentId":{"description":"Assigned department","type":"string"},"details":{"$ref":"#/components/schemas/Details"},"id":{"description":"Project ID","type":"string"},"status":{"description":"Project status","type":"string"}},"type":"object"},"Settings":{"description":"Organization settings","properties":{"notificationsEnabled":{"description":"Enable notifications","type":"boolean"},"privacy":{"$ref":"#/components/schemas/Privacy"},"theme":{"description":"Default theme","type":"string"}},"type":"object"},"Social":{"description":"Social media links","properties":{"github":{"description":"GitHub username","type":"string"},"linkedin":{"description":"LinkedIn profile","type":"string"},"twitter":{"description":"Twitter handle","type":"string"}},"type":"object"},"Task":{"description":"Tasks within phase","properties":{"assigneeId":{"type":"string"},"completed":{"type":"boolean"},"dependencyTaskIds":{"items":{"description":"Task dependencies","type":"string"},"type":"array"},"description":{"type":"string"},"estimatedHours":{"format":"int32","type":"integer"},"id":{"type":"string"},"title":{"type":"string"}},"type":"object"},"ValidationResults":{"description":"Validation results","properties":{"departmentsProcessed":{"description":"Number of departments processed","format":"int32","type":"integer"},"errors":{"items":{"description":"Validation errors","type":"string"},"type":"array"},"membersValidated":{"description":"Number of members validated","format":"int32","type":"integer"}},"type":"object"}}},"info":{"title":"NestedService API","version":"1.0.0"},"openapi":"3.1.0","paths":{"/NestedService/ProcessOrganization":{"post":{"description":"Process organization with nested data","operationId":"ProcessOrganization","requestBody":{"content":{"application/json":{"schema":{"$ref":"#/components/schemas/NestedRequest"}}},"required":true},"responses":{"200":{"content":{"application/json":{"schema":{"$ref":"#/components/schemas/NestedResponse"}}},"description":"Successful response"},"default":{"content":{"application/json":{"schema":{"properties":{"code":{"type":"integer"},"error":{"type":"string"}},"type":"object"}}},"description":"Error response"}},"summary":"ProcessOrganization","tags":["NestedService"]}},"/NestedService/ValidateNested":{"post":{"description":"Validate nested message structure","operationId":"ValidateNested","requestBody":{"content":{"application/json":{"schema":{"$ref":"#/components/schemas/NestedRequest"}}},"required":true},"responses":{"200":{"content":{"application/json":{"schema":{"$ref":"#/components/schemas/NestedResponse"}}},"description":"Successful response"},"default":{"content":{"application/json":{"schema":{"properties":{"code":{"type":"integer"},"error":{"type":"string"}},"type":"object"}}},"description":"Error response"}},"summary":"ValidateNested","tags":["NestedService"]}}}}