{"components":{"schemas":{"Request":{"description":"Generic request message","properties":{"data":{"description":"Request data","type":"string"},"id":{"description":"Request ID","type":"string"}},"type":"object"},"Response":{"description":"Generic response message","properties":{"data":{"description":"Response data","type":"string"},"message":{"description":"Response message","type":"string"},"success":{"description":"Success indicator","type":"boolean"}},"type":"object"},"User":{"description":"User message used by multiple services","properties":{"email":{"description":"User email","type":"string"},"id":{"description":"User ID","type":"string"},"name":{"description":"User name","type":"string"},"role":{"description":"User role","type":"string"}},"type":"object"}}},"info":{"title":"NotificationService API","version":"1.0.0"},"openapi":"3.1.0","paths":{"/api/v1/notifications/email/send":{"post":{"description":"Send email notification","operationId":"SendEmail","parameters":[{"description":"Notification service API key","in":"header","name":"X-Notification-Key","required":true,"schema":{"type":"string"}}],"requestBody":{"content":{"application/json":{"schema":{"$ref":"#/components/schemas/Request"}}},"required":true},"responses":{"200":{"content":{"application/json":{"schema":{"$ref":"#/components/schemas/Response"}}},"description":"Successful response"},"default":{"content":{"application/json":{"schema":{"properties":{"code":{"type":"integer"},"error":{"type":"string"}},"type":"object"}}},"description":"Error response"}},"summary":"SendEmail","tags":["NotificationService"]}},"/api/v1/notifications/push/send":{"post":{"description":"Send push notification","operationId":"SendPush","parameters":[{"description":"Notification service API key","in":"header","name":"X-Notification-Key","required":true,"schema":{"type":"string"}}],"requestBody":{"content":{"application/json":{"schema":{"$ref":"#/components/schemas/Request"}}},"required":true},"responses":{"200":{"content":{"application/json":{"schema":{"$ref":"#/components/schemas/Response"}}},"description":"Successful response"},"default":{"content":{"application/json":{"schema":{"properties":{"code":{"type":"integer"},"error":{"type":"string"}},"type":"object"}}},"description":"Error response"}},"summary":"SendPush","tags":["NotificationService"]}},"/api/v1/notifications/sms/send":{"post":{"description":"Send SMS notification","operationId":"SendSMS","parameters":[{"description":"SMS provider to use","in":"header","name":"X-SMS-Provider","required":false,"schema":{"type":"string"}},{"description":"Notification service API key","in":"header","name":"X-Notification-Key","required":true,"schema":{"type":"string"}}],"requestBody":{"content":{"application/json":{"schema":{"$ref":"#/components/schemas/Request"}}},"required":true},"responses":{"200":{"content":{"application/json":{"schema":{"$ref":"#/components/schemas/Response"}}},"description":"Successful response"},"default":{"content":{"application/json":{"schema":{"properties":{"code":{"type":"integer"},"error":{"type":"string"}},"type":"object"}}},"description":"Error response"}},"summary":"SendSMS","tags":["NotificationService"]}}}}