{"components":{"schemas":{"SimpleRequest":{"description":"Simple message for testing basic OpenAPI generation","properties":{"active":{"description":"Whether user is active","type":"boolean"},"age":{"description":"User's age","format":"int32","type":"integer"},"name":{"description":"User's name","type":"string"}},"type":"object"},"SimpleResponse":{"description":"Simple response message","properties":{"message":{"description":"Response message","type":"string"},"success":{"description":"Success indicator","type":"boolean"},"timestamp":{"description":"Response timestamp","format":"int64","type":"integer"}},"type":"object"}}},"info":{"title":"SimpleService API","version":"1.0.0"},"openapi":"3.1.0","paths":{"/SimpleService/Create":{"post":{"description":"Create a simple resource","operationId":"Create","requestBody":{"content":{"application/json":{"schema":{"$ref":"#/components/schemas/SimpleRequest"}}},"required":true},"responses":{"200":{"content":{"application/json":{"schema":{"$ref":"#/components/schemas/SimpleResponse"}}},"description":"Successful response"},"default":{"content":{"application/json":{"schema":{"properties":{"code":{"type":"integer"},"error":{"type":"string"}},"type":"object"}}},"description":"Error response"}},"summary":"Create","tags":["SimpleService"]}},"/SimpleService/Get":{"post":{"description":"Get a simple resource","operationId":"Get","requestBody":{"content":{"application/json":{"schema":{"$ref":"#/components/schemas/SimpleRequest"}}},"required":true},"responses":{"200":{"content":{"application/json":{"schema":{"$ref":"#/components/schemas/SimpleResponse"}}},"description":"Successful response"},"default":{"content":{"application/json":{"schema":{"properties":{"code":{"type":"integer"},"error":{"type":"string"}},"type":"object"}}},"description":"Error response"}},"summary":"Get","tags":["SimpleService"]}}}}