{"components":{"schemas":{"CreateUserRequest":{"description":"Simple request message","properties":{"email":{"description":"User email","type":"string"},"name":{"description":"User name","type":"string"}},"type":"object"},"DeleteUserRequest":{"description":"Delete user request","properties":{"id":{"description":"User ID to delete","type":"string"}},"type":"object"},"DeleteUserResponse":{"description":"Delete user response","properties":{"message":{"description":"Status message","type":"string"},"success":{"description":"Success indicator","type":"boolean"}},"type":"object"},"GetUserRequest":{"description":"Get user request","properties":{"id":{"description":"User ID to retrieve","type":"string"}},"type":"object"},"UpdateUserRequest":{"description":"Update user request","properties":{"id":{"description":"User ID","type":"string"},"user":{"$ref":"#/components/schemas/User"}},"type":"object"},"User":{"description":"Simple response message","properties":{"email":{"description":"User email","type":"string"},"id":{"description":"User ID","type":"string"},"name":{"description":"User name","type":"string"}},"type":"object"}}},"info":{"title":"UserService API","version":"1.0.0"},"openapi":"3.1.0","paths":{"/api/v1/users":{"post":{"description":"Create a new user","operationId":"CreateUser","requestBody":{"content":{"application/json":{"schema":{"$ref":"#/components/schemas/CreateUserRequest"}}},"required":true},"responses":{"200":{"content":{"application/json":{"schema":{"$ref":"#/components/schemas/User"}}},"description":"Successful response"},"default":{"content":{"application/json":{"schema":{"properties":{"code":{"type":"integer"},"error":{"type":"string"}},"type":"object"}}},"description":"Error response"}},"summary":"CreateUser","tags":["UserService"]}},"/api/v1/users/delete":{"post":{"description":"Delete user","operationId":"DeleteUser","requestBody":{"content":{"application/json":{"schema":{"$ref":"#/components/schemas/DeleteUserRequest"}}},"required":true},"responses":{"200":{"content":{"application/json":{"schema":{"$ref":"#/components/schemas/DeleteUserResponse"}}},"description":"Successful response"},"default":{"content":{"application/json":{"schema":{"properties":{"code":{"type":"integer"},"error":{"type":"string"}},"type":"object"}}},"description":"Error response"}},"summary":"DeleteUser","tags":["UserService"]}},"/api/v1/users/get":{"post":{"description":"Get user by ID","operationId":"GetUser","requestBody":{"content":{"application/json":{"schema":{"$ref":"#/components/schemas/GetUserRequest"}}},"required":true},"responses":{"200":{"content":{"application/json":{"schema":{"$ref":"#/components/schemas/User"}}},"description":"Successful response"},"default":{"content":{"application/json":{"schema":{"properties":{"code":{"type":"integer"},"error":{"type":"string"}},"type":"object"}}},"description":"Error response"}},"summary":"GetUser","tags":["UserService"]}},"/api/v1/users/update":{"post":{"description":"Update user","operationId":"UpdateUser","requestBody":{"content":{"application/json":{"schema":{"$ref":"#/components/schemas/UpdateUserRequest"}}},"required":true},"responses":{"200":{"content":{"application/json":{"schema":{"$ref":"#/components/schemas/User"}}},"description":"Successful response"},"default":{"content":{"application/json":{"schema":{"properties":{"code":{"type":"integer"},"error":{"type":"string"}},"type":"object"}}},"description":"Error response"}},"summary":"UpdateUser","tags":["UserService"]}}}}